[2025-01-13 12:43:30] Exception: SQLSTATE[42000]: Syntax error or access violation: 1064 You have an error in your SQL syntax; check the manual that corresponds to your MariaDB server version for the right syntax to use near 'SELEC * FROM packages WHERE status = '1'' at line 1 en C:\xampp\htdocs\bitacora_oriental\model\packages.php en la línea 45
[2025-01-13 12:48:09] Exception: SQLSTATE[42000]: Syntax error or access violation: 1064 You have an error in your SQL syntax; check the manual that corresponds to your MariaDB server version for the right syntax to use near 'SELEC 
                u.*, 
                p.* 
                FROM use...' at line 1 en C:\xampp\htdocs\bitacora_oriental\model\user.php en la línea 135
[2025-01-13 12:48:16] Exception: SQLSTATE[42000]: Syntax error or access violation: 1064 You have an error in your SQL syntax; check the manual that corresponds to your MariaDB server version for the right syntax to use near 'SELEC 
                u.*, 
                p.* 
                FROM use...' at line 1 en C:\xampp\htdocs\bitacora_oriental\model\user.php en la línea 135
[2025-01-13 12:50:58] Exception: SQLSTATE[42000]: Syntax error or access violation: 1064 You have an error in your SQL syntax; check the manual that corresponds to your MariaDB server version for the right syntax to use near 'SELEC t.vacant, t.numberSlots
                    FROM trip t 
            ...' at line 1 en C:\xampp\htdocs\bitacora_oriental\model\reservation.php en la línea 65
[2025-01-13 12:51:04] Exception: SQLSTATE[42000]: Syntax error or access violation: 1064 You have an error in your SQL syntax; check the manual that corresponds to your MariaDB server version for the right syntax to use near 'SELEC t.vacant, t.numberSlots
                    FROM trip t 
            ...' at line 1 en C:\xampp\htdocs\bitacora_oriental\model\reservation.php en la línea 65
[2025-01-14 10:46:04] Exception: Failed opening required 'C:\xampp\htdocs\bitacora_oriental\config/../view/reservation/listRequestsReservationE.php' (include_path='C:\xampp\php\PEAR') en C:\xampp\htdocs\bitacora_oriental\index.php en la línea 116
[2025-01-14 13:42:23] Exception: number_format(): Argument #2 ($decimals) must be of type int, string given en C:\xampp\htdocs\bitacora_oriental\view\user\listUser.php en la línea 39
[2025-01-14 13:42:39] Exception: number_format(): Argument #2 ($decimals) must be of type int, string given en C:\xampp\htdocs\bitacora_oriental\view\user\listUser.php en la línea 39
[2025-01-15 09:06:16] Exception: SQLSTATE[42000]: Syntax error or access violation: 1064 You have an error in your SQL syntax; check the manual that corresponds to your MariaDB server version for the right syntax to use near '' at line 4 en C:\xampp\htdocs\bitacora_oriental\model\history.php en la línea 39
[2025-01-15 10:51:44] Exception: Class "historysController" not found en C:\xampp\htdocs\bitacora_oriental\model\comment.php en la línea 97
[2025-01-15 11:46:42] Exception: Class "historysController" not found en C:\xampp\htdocs\bitacora_oriental\model\route.php en la línea 81
[2025-01-15 14:40:01] Exception: Failed opening required 'C:\xampp\htdocs\bitacora_oriental\config/../controller/main.php' (include_path='C:\xampp\php\PEAR') en C:\xampp\htdocs\bitacora_oriental\model\report.php en la línea 2
[2025-01-15 16:13:25] Exception: syntax error, unexpected identifier "Z" en C:\xampp\htdocs\bitacora_oriental\model\dashboard.php en la línea 208
[2025-01-15 16:19:34] Exception: Failed opening required 'lib/utils/tools.php' (include_path='C:\xampp\php\PEAR') en C:\xampp\htdocs\bitacora_oriental\view\report\viewReport.php en la línea 6
[2025-01-15 16:20:04] Exception: Failed opening required 'lib/utils/tools.php' (include_path='C:\xampp\php\PEAR') en C:\xampp\htdocs\bitacora_oriental\view\report\viewReport.php en la línea 6
[2025-01-15 16:24:33] Exception: Failed opening required 'lib/utils/tools.php' (include_path='C:\xampp\php\PEAR') en C:\xampp\htdocs\bitacora_oriental\view\report\viewReport.php en la línea 6
[2025-01-15 16:26:09] Exception: Failed opening required 'lib/utils/tools.php' (include_path='C:\xampp\php\PEAR') en C:\xampp\htdocs\bitacora_oriental\view\report\viewReport.php en la línea 6
[2025-01-15 16:27:21] Exception: Failed opening required 'lib/utils/tools.php' (include_path='C:\xampp\php\PEAR') en C:\xampp\htdocs\bitacora_oriental\view\report\viewReport.php en la línea 6
[2025-01-15 16:27:33] Exception: Failed opening required 'lib/utils/tools.php' (include_path='C:\xampp\php\PEAR') en C:\xampp\htdocs\bitacora_oriental\view\report\viewReport.php en la línea 6
[2025-01-15 16:29:52] Exception: Failed opening required 'lib\utils\tools.php' (include_path='C:\xampp\php\PEAR') en C:\xampp\htdocs\bitacora_oriental\view\history\listHistory.php en la línea 3
[2025-01-15 16:29:57] Exception: Failed opening required 'lib\utils\tools.php' (include_path='C:\xampp\php\PEAR') en C:\xampp\htdocs\bitacora_oriental\view\history\listHistory.php en la línea 3
[2025-01-15 16:30:01] Exception: Failed opening required 'lib/utils/tools.php' (include_path='C:\xampp\php\PEAR') en C:\xampp\htdocs\bitacora_oriental\view\report\viewReport.php en la línea 6
[2025-01-15 16:31:15] Exception: Failed opening required 'lib/utils/tools.php' (include_path='C:\xampp\php\PEAR') en C:\xampp\htdocs\bitacora_oriental\view\report\viewReport.php en la línea 6
[2025-01-15 16:31:17] Exception: Failed opening required 'lib/utils/tools.php' (include_path='C:\xampp\php\PEAR') en C:\xampp\htdocs\bitacora_oriental\view\report\viewReport.php en la línea 6
[2025-01-15 16:31:24] Exception: Failed opening required 'lib/utils/tools.php' (include_path='C:\xampp\php\PEAR') en C:\xampp\htdocs\bitacora_oriental\view\report\viewReport.php en la línea 6
[2025-01-15 16:31:38] Exception: Failed opening required 'lib/utils/tools.php' (include_path='C:\xampp\php\PEAR') en C:\xampp\htdocs\bitacora_oriental\view\report\viewReport.php en la línea 6
[2025-01-15 20:28:53] Exception: SQLSTATE[23000]: Integrity constraint violation: 1048 Column 'module' cannot be null en C:\xampp\htdocs\bitacora_oriental\model\history.php en la línea 54
[2025-01-15 21:04:13] Exception: Failed opening required 'C:\xampp\htdocs\bitacora_oriental\config/../lib/utils/tools.php' (include_path='C:\xampp\php\PEAR') en C:\xampp\htdocs\bitacora_oriental\view\faq\listFaq.php en la línea 3
[2025-01-15 21:08:34] Exception: SQLSTATE[23000]: Integrity constraint violation: 1048 Column 'idUser' cannot be null en C:\xampp\htdocs\bitacora_oriental\model\history.php en la línea 60
[2025-01-16 11:05:18] Exception: SQLSTATE[23000]: Integrity constraint violation: 1052 Column 'idPackages' in field list is ambiguous en C:\xampp\htdocs\bitacora_oriental\model\reservation.php en la línea 413
[2025-01-16 12:17:41] Exception: SQLSTATE[42S22]: Column not found: 1054 Unknown column 't.idUser' in 'on clause' en C:\xampp\htdocs\bitacora_oriental\model\reservation.php en la línea 481
[2025-01-16 12:17:50] Exception: SQLSTATE[42S22]: Column not found: 1054 Unknown column 't.idUser' in 'on clause' en C:\xampp\htdocs\bitacora_oriental\model\reservation.php en la línea 481
[2025-01-16 14:49:37] Exception: array_shift(): Argument #1 ($array) must be of type array, string given en C:\xampp\htdocs\bitacora_oriental\view\reservation\editRequestsReservation.php en la línea 9
[2025-01-16 14:49:51] Exception: array_shift(): Argument #1 ($array) must be of type array, string given en C:\xampp\htdocs\bitacora_oriental\view\reservation\editRequestsReservation.php en la línea 9
[2025-01-16 15:19:49] Exception: Cannot access offset of type string on string en C:\xampp\htdocs\bitacora_oriental\view\reservation\editRequestsReservation.php en la línea 415
[2025-01-16 15:21:52] Exception: Cannot access offset of type string on string en C:\xampp\htdocs\bitacora_oriental\view\reservation\editRequestsReservation.php en la línea 416
[2025-01-16 15:23:26] Exception: Cannot access offset of type string on string en C:\xampp\htdocs\bitacora_oriental\view\reservation\editRequestsReservation.php en la línea 416
[2025-01-16 15:23:40] Exception: Cannot access offset of type string on string en C:\xampp\htdocs\bitacora_oriental\view\reservation\editRequestsReservation.php en la línea 416
[2025-01-16 15:26:20] Exception: Cannot access offset of type string on string en C:\xampp\htdocs\bitacora_oriental\view\reservation\editRequestsReservation.php en la línea 416
[2025-01-16 15:26:57] Exception: Cannot access offset of type string on string en C:\xampp\htdocs\bitacora_oriental\view\reservation\editRequestsReservation.php en la línea 416
[2025-01-16 17:29:14] Exception: SQLSTATE[42S22]: Column not found: 1054 Unknown column 'p.id_p' in 'field list' en C:\xampp\htdocs\bitacora_oriental\model\reservation.php en la línea 450
[2025-01-16 22:14:27] Exception: Failed opening required 'C:\laragon\www\bitacora_oriental_SAAS\config/../view/reservation/a.php' (include_path='.;C:/laragon/etc/php/pear') en C:\laragon\www\bitacora_oriental_SAAS\index.php en la línea 117
[2025-01-17 09:56:18] Exception: Error en la acción del controlador, la acción no existe. en C:\xampp\htdocs\bitacora_oriental\index.php en la línea 112
[2025-01-17 14:44:10] Exception: SQLSTATE[23000]: Integrity constraint violation: 1452 Cannot add or update a child row: a foreign key constraint fails (`bitacora_oriental`.`comment`, CONSTRAINT `comment_ibfk_1` FOREIGN KEY (`idUser`) REFERENCES `user` (`idUser`) ON DELETE CASCADE ON UPDATE CASCADE) en C:\xampp\htdocs\bitacora_oriental\model\comment.php en la línea 68
[2025-01-17 14:44:13] Exception: SQLSTATE[23000]: Integrity constraint violation: 1452 Cannot add or update a child row: a foreign key constraint fails (`bitacora_oriental`.`comment`, CONSTRAINT `comment_ibfk_1` FOREIGN KEY (`idUser`) REFERENCES `user` (`idUser`) ON DELETE CASCADE ON UPDATE CASCADE) en C:\xampp\htdocs\bitacora_oriental\model\comment.php en la línea 68
[2025-01-17 14:44:16] Exception: SQLSTATE[23000]: Integrity constraint violation: 1452 Cannot add or update a child row: a foreign key constraint fails (`bitacora_oriental`.`comment`, CONSTRAINT `comment_ibfk_1` FOREIGN KEY (`idUser`) REFERENCES `user` (`idUser`) ON DELETE CASCADE ON UPDATE CASCADE) en C:\xampp\htdocs\bitacora_oriental\model\comment.php en la línea 68
[2025-01-17 14:44:17] Exception: SQLSTATE[23000]: Integrity constraint violation: 1452 Cannot add or update a child row: a foreign key constraint fails (`bitacora_oriental`.`comment`, CONSTRAINT `comment_ibfk_1` FOREIGN KEY (`idUser`) REFERENCES `user` (`idUser`) ON DELETE CASCADE ON UPDATE CASCADE) en C:\xampp\htdocs\bitacora_oriental\model\comment.php en la línea 68
[2025-01-17 14:44:21] Exception: SQLSTATE[23000]: Integrity constraint violation: 1452 Cannot add or update a child row: a foreign key constraint fails (`bitacora_oriental`.`comment`, CONSTRAINT `comment_ibfk_1` FOREIGN KEY (`idUser`) REFERENCES `user` (`idUser`) ON DELETE CASCADE ON UPDATE CASCADE) en C:\xampp\htdocs\bitacora_oriental\model\comment.php en la línea 68
[2025-01-17 22:00:38] Exception: Error en la acción del controlador, la acción no existe. en C:\xampp\htdocs\bitacora_oriental\index.php en la línea 112
[2025-01-17 22:01:32] Exception: Error en la acción del controlador, la acción no existe. en C:\xampp\htdocs\bitacora_oriental\index.php en la línea 112
[2025-01-17 22:30:34] Exception: Call to undefined method WebLog::getBitacora() en C:\laragon\www\bitacora_oriental_actualizado\controller\webLog.php en la línea 113
[2025-01-17 22:59:12] Exception: Error en la acción del controlador, la acción no existe. en C:\laragon\www\bitacora_oriental_actualizado\index.php en la línea 112
[2025-01-18 19:15:00] Exception: Dompdf\Dompdf::setPaper(): Argument #2 ($orientation) must be of type string, null given, called in C:\xampp\htdocs\bitacora_oriental\controller\reports.php on line 100 en C:\xampp\htdocs\bitacora_oriental\lib\dompdf\vendor\dompdf\dompdf\src\Dompdf.php en la línea 1011
[2025-01-18 19:27:20] Exception: syntax error, unexpected token "<" en C:\xampp\htdocs\bitacora_oriental\view\report\report_trip.php en la línea 5
[2025-01-18 23:08:25] Exception: count(): Argument #1 ($value) must be of type Countable|array, string given en C:\xampp\htdocs\bitacora_oriental\view\webLog\bitacoras.php en la línea 18
[2025-01-18 23:10:24] Exception: count(): Argument #1 ($value) must be of type Countable|array, string given en C:\xampp\htdocs\bitacora_oriental\view\webLog\bitacoras.php en la línea 18
[2025-01-18 23:10:32] Exception: count(): Argument #1 ($value) must be of type Countable|array, string given en C:\xampp\htdocs\bitacora_oriental\view\webLog\bitacoras.php en la línea 18
[2025-01-19 00:47:06] Exception: SQLSTATE[23000]: Integrity constraint violation: 1452 Cannot add or update a child row: a foreign key constraint fails (`bitacora_oriental`.`comment`, CONSTRAINT `webLogComment` FOREIGN KEY (`idWebLog`) REFERENCES `weblog` (`idWebLog`) ON DELETE CASCADE ON UPDATE CASCADE) en C:\xampp\htdocs\bitacora_oriental\model\comment.php en la línea 68
[2025-01-19 00:47:09] Exception: SQLSTATE[23000]: Integrity constraint violation: 1452 Cannot add or update a child row: a foreign key constraint fails (`bitacora_oriental`.`comment`, CONSTRAINT `webLogComment` FOREIGN KEY (`idWebLog`) REFERENCES `weblog` (`idWebLog`) ON DELETE CASCADE ON UPDATE CASCADE) en C:\xampp\htdocs\bitacora_oriental\model\comment.php en la línea 68
[2025-01-19 00:47:12] Exception: SQLSTATE[23000]: Integrity constraint violation: 1452 Cannot add or update a child row: a foreign key constraint fails (`bitacora_oriental`.`comment`, CONSTRAINT `webLogComment` FOREIGN KEY (`idWebLog`) REFERENCES `weblog` (`idWebLog`) ON DELETE CASCADE ON UPDATE CASCADE) en C:\xampp\htdocs\bitacora_oriental\model\comment.php en la línea 68
[2025-01-19 00:47:53] Exception: SQLSTATE[23000]: Integrity constraint violation: 1452 Cannot add or update a child row: a foreign key constraint fails (`bitacora_oriental`.`comment`, CONSTRAINT `webLogComment` FOREIGN KEY (`idWebLog`) REFERENCES `weblog` (`idWebLog`) ON DELETE CASCADE ON UPDATE CASCADE) en C:\xampp\htdocs\bitacora_oriental\model\comment.php en la línea 68
[2025-01-19 00:53:49] Exception: SQLSTATE[23000]: Integrity constraint violation: 1452 Cannot add or update a child row: a foreign key constraint fails (`bitacora_oriental`.`comment`, CONSTRAINT `webLogComment` FOREIGN KEY (`idWebLog`) REFERENCES `weblog` (`idWebLog`) ON DELETE CASCADE ON UPDATE CASCADE) en C:\xampp\htdocs\bitacora_oriental\model\comment.php en la línea 68
[2025-01-19 00:54:18] Exception: SQLSTATE[23000]: Integrity constraint violation: 1452 Cannot add or update a child row: a foreign key constraint fails (`bitacora_oriental`.`comment`, CONSTRAINT `webLogComment` FOREIGN KEY (`idWebLog`) REFERENCES `weblog` (`idWebLog`) ON DELETE CASCADE ON UPDATE CASCADE) en C:\xampp\htdocs\bitacora_oriental\model\comment.php en la línea 68
[2025-01-19 00:58:23] Exception: SQLSTATE[23000]: Integrity constraint violation: 1452 Cannot add or update a child row: a foreign key constraint fails (`bitacora_oriental`.`comment`, CONSTRAINT `webLogComment` FOREIGN KEY (`idWebLog`) REFERENCES `weblog` (`idWebLog`) ON DELETE CASCADE ON UPDATE CASCADE) en C:\xampp\htdocs\bitacora_oriental\model\comment.php en la línea 68
[2025-01-19 00:58:26] Exception: SQLSTATE[23000]: Integrity constraint violation: 1452 Cannot add or update a child row: a foreign key constraint fails (`bitacora_oriental`.`comment`, CONSTRAINT `webLogComment` FOREIGN KEY (`idWebLog`) REFERENCES `weblog` (`idWebLog`) ON DELETE CASCADE ON UPDATE CASCADE) en C:\xampp\htdocs\bitacora_oriental\model\comment.php en la línea 68
[2025-01-19 01:00:27] Exception: SQLSTATE[23000]: Integrity constraint violation: 1452 Cannot add or update a child row: a foreign key constraint fails (`bitacora_oriental`.`comment`, CONSTRAINT `webLogComment` FOREIGN KEY (`idWebLog`) REFERENCES `weblog` (`idWebLog`) ON DELETE CASCADE ON UPDATE CASCADE) en C:\xampp\htdocs\bitacora_oriental\model\comment.php en la línea 68
[2025-01-19 01:00:29] Exception: SQLSTATE[23000]: Integrity constraint violation: 1452 Cannot add or update a child row: a foreign key constraint fails (`bitacora_oriental`.`comment`, CONSTRAINT `webLogComment` FOREIGN KEY (`idWebLog`) REFERENCES `weblog` (`idWebLog`) ON DELETE CASCADE ON UPDATE CASCADE) en C:\xampp\htdocs\bitacora_oriental\model\comment.php en la línea 68
[2025-01-19 01:03:29] Exception: SQLSTATE[23000]: Integrity constraint violation: 1452 Cannot add or update a child row: a foreign key constraint fails (`bitacora_oriental`.`comment`, CONSTRAINT `webLogComment` FOREIGN KEY (`idWebLog`) REFERENCES `weblog` (`idWebLog`) ON DELETE CASCADE ON UPDATE CASCADE) en C:\xampp\htdocs\bitacora_oriental\model\comment.php en la línea 68
[2025-01-19 10:27:19] Exception: SQLSTATE[42S22]: Column not found: 1054 Unknown column 't.idTip' in 'on clause' en C:\xampp\htdocs\bitacora_oriental\model\reservation.php en la línea 287
[2025-01-19 10:31:11] Exception: Using $this when not in object context en C:\xampp\htdocs\bitacora_oriental\view\reservation\listRequestsReservationA.php en la línea 20
[2025-01-19 11:25:02] Exception: Failed opening required 'C:\xampp\htdocs\bitacora_oriental\config/../view/reservation/a.php' (include_path='C:\xampp\php\PEAR') en C:\xampp\htdocs\bitacora_oriental\index.php en la línea 117
[2025-01-19 11:25:05] Exception: Failed opening required 'C:\xampp\htdocs\bitacora_oriental\config/../view/reservation/a.php' (include_path='C:\xampp\php\PEAR') en C:\xampp\htdocs\bitacora_oriental\index.php en la línea 117
[2025-01-19 12:40:04] Exception: syntax error, unexpected token ";" en C:\xampp\htdocs\bitacora_oriental\view\webLog\bitacoraConComentarios.php en la línea 8
[2025-01-19 14:54:00] Exception: Too few arguments to function report::queryReservation(), 1 passed in C:\xampp\htdocs\bitacora_oriental\controller\reports.php on line 157 and exactly 3 expected en C:\xampp\htdocs\bitacora_oriental\model\report.php en la línea 90
[2025-01-19 15:16:45] Exception: count(): Argument #1 ($value) must be of type Countable|array, null given en C:\xampp\htdocs\bitacora_oriental\view\report\report_trip.php en la línea 3
[2025-01-19 15:18:29] Exception: count(): Argument #1 ($value) must be of type Countable|array, null given en C:\xampp\htdocs\bitacora_oriental\view\report\report_trip.php en la línea 3
[2025-01-19 15:19:42] Exception: syntax error, unexpected token "<", expecting end of file en C:\xampp\htdocs\bitacora_oriental\view\report\report_trip.php en la línea 7
[2025-01-19 15:22:53] Exception: count(): Argument #1 ($value) must be of type Countable|array, null given en C:\xampp\htdocs\bitacora_oriental\view\report\report_trip.php en la línea 3
[2025-01-19 16:32:42] Exception: SQLSTATE[HY000] [1049] Unknown database 'bitacora_oriental' en C:\xampp\htdocs\bitacora_oriental\model\db.php en la línea 19
[2025-01-19 20:25:49] Exception: SQLSTATE[42000]: Syntax error or access violation: 1064 You have an error in your SQL syntax; check the manual that corresponds to your MariaDB server version for the right syntax to use near '.place , 
                    FROM trip AS t  
                INNER JOIN r...' at line 1 en C:\xampp\htdocs\bitacora_oriental\model\reservation.php en la línea 67
[2025-01-19 20:26:13] Exception: SQLSTATE[42000]: Syntax error or access violation: 1064 You have an error in your SQL syntax; check the manual that corresponds to your MariaDB server version for the right syntax to use near '.place , 
                    FROM trip AS t  
                INNER JOIN r...' at line 1 en C:\xampp\htdocs\bitacora_oriental\model\reservation.php en la línea 67
[2025-01-19 20:26:46] Exception: SQLSTATE[42000]: Syntax error or access violation: 1064 You have an error in your SQL syntax; check the manual that corresponds to your MariaDB server version for the right syntax to use near 'FROM trip AS t  
                INNER JOIN route AS r ON t.idRoute = r.IdRo...' at line 2 en C:\xampp\htdocs\bitacora_oriental\model\reservation.php en la línea 67
[2025-01-19 20:26:48] Exception: SQLSTATE[42000]: Syntax error or access violation: 1064 You have an error in your SQL syntax; check the manual that corresponds to your MariaDB server version for the right syntax to use near 'FROM trip AS t  
                INNER JOIN route AS r ON t.idRoute = r.IdRo...' at line 2 en C:\xampp\htdocs\bitacora_oriental\model\reservation.php en la línea 67
[2025-01-19 20:26:50] Exception: SQLSTATE[42000]: Syntax error or access violation: 1064 You have an error in your SQL syntax; check the manual that corresponds to your MariaDB server version for the right syntax to use near 'FROM trip AS t  
                INNER JOIN route AS r ON t.idRoute = r.IdRo...' at line 2 en C:\xampp\htdocs\bitacora_oriental\model\reservation.php en la línea 67
[2025-01-19 20:27:05] Exception: SQLSTATE[42000]: Syntax error or access violation: 1064 You have an error in your SQL syntax; check the manual that corresponds to your MariaDB server version for the right syntax to use near 'FROM trip AS t  
                INNER JOIN route AS r ON t.idRoute = r.idRo...' at line 2 en C:\xampp\htdocs\bitacora_oriental\model\reservation.php en la línea 67
[2025-01-19 20:27:10] Exception: SQLSTATE[42000]: Syntax error or access violation: 1064 You have an error in your SQL syntax; check the manual that corresponds to your MariaDB server version for the right syntax to use near 'FROM trip AS t  
                INNER JOIN route AS r ON t.idRoute = r.idRo...' at line 2 en C:\xampp\htdocs\bitacora_oriental\model\reservation.php en la línea 67
[2025-01-20 10:31:36] Exception: SQLSTATE[42000]: Syntax error or access violation: 1064 You have an error in your SQL syntax; check the manual that corresponds to your MariaDB server version for the right syntax to use near '' at line 5 en C:\xampp\htdocs\bitacora_oriental\model\address.php en la línea 21
